2024-12-17T18:20:49.028+05:00  INFO 15896 --- [main] com.lockbeck.AuditApplication            : Starting AuditApplication using Java 21.0.4 with PID 15896 (C:\Users\l.turdaliyev\Desktop\audit\target\classes started by l.turdaliyev in C:\Users\l.turdaliyev\Desktop\audit)
2024-12-17T18:20:49.032+05:00  INFO 15896 --- [main] com.lockbeck.AuditApplication            : No active profile set, falling back to 1 default profile: "default"
2024-12-17T18:20:49.392+05:00  INFO 15896 --- [main] .s.d.r.c.RepositoryConfigurationDelegate : Bootstrapping Spring Data JPA repositories in DEFAULT mode.
2024-12-17T18:20:49.429+05:00  INFO 15896 --- [main] .s.d.r.c.RepositoryConfigurationDelegate : Finished Spring Data repository scanning in 33 ms. Found 16 JPA repository interfaces.
2024-12-17T18:20:49.693+05:00  INFO 15896 --- [main] o.s.b.w.embedded.tomcat.TomcatWebServer  : Tomcat initialized with port 4280 (http)
2024-12-17T18:20:49.698+05:00  INFO 15896 --- [main] o.apache.catalina.core.StandardService   : Starting service [Tomcat]
2024-12-17T18:20:49.698+05:00  INFO 15896 --- [main] o.apache.catalina.core.StandardEngine    : Starting Servlet engine: [Apache Tomcat/10.1.26]
2024-12-17T18:20:49.724+05:00  INFO 15896 --- [main] o.a.c.c.C.[Tomcat].[localhost].[/]       : Initializing Spring embedded WebApplicationContext
2024-12-17T18:20:49.724+05:00  INFO 15896 --- [main] w.s.c.ServletWebServerApplicationContext : Root WebApplicationContext: initialization completed in 674 ms
2024-12-17T18:20:49.787+05:00  INFO 15896 --- [main] o.hibernate.jpa.internal.util.LogHelper  : HHH000204: Processing PersistenceUnitInfo [name: default]
2024-12-17T18:20:49.810+05:00  INFO 15896 --- [main] org.hibernate.Version                    : HHH000412: Hibernate ORM core version 6.5.2.Final
2024-12-17T18:20:49.824+05:00  INFO 15896 --- [main] o.h.c.internal.RegionFactoryInitiator    : HHH000026: Second-level cache disabled
2024-12-17T18:20:49.954+05:00  INFO 15896 --- [main] o.s.o.j.p.SpringPersistenceUnitInfo      : No LoadTimeWeaver setup: ignoring JPA class transformer
2024-12-17T18:20:49.966+05:00  INFO 15896 --- [main] com.zaxxer.hikari.HikariDataSource       : HikariPool-1 - Starting...
2024-12-17T18:20:50.062+05:00  INFO 15896 --- [main] com.zaxxer.hikari.pool.HikariPool        : HikariPool-1 - Added connection org.postgresql.jdbc.PgConnection@74bdfa0b
2024-12-17T18:20:50.063+05:00  INFO 15896 --- [main] com.zaxxer.hikari.HikariDataSource       : HikariPool-1 - Start completed.
2024-12-17T18:20:50.093+05:00  WARN 15896 --- [main] org.hibernate.orm.deprecation            : HHH90000025: PostgreSQLDialect does not need to be specified explicitly using 'hibernate.dialect' (remove the property setting and it will be selected by default)
2024-12-17T18:20:50.234+05:00  WARN 15896 --- [main] org.hibernate.id.UUIDHexGenerator        : HHH000409: Using org.hibernate.id.UUIDHexGenerator which does not generate IETF RFC 4122 compliant UUID values; consider using org.hibernate.id.UUIDGenerator instead
2024-12-17T18:20:50.697+05:00  INFO 15896 --- [main] o.h.e.t.j.p.i.JtaPlatformInitiator       : HHH000489: No JTA platform available (set 'hibernate.transaction.jta.platform' to enable JTA platform integration)
2024-12-17T18:20:50.855+05:00  INFO 15896 --- [main] j.LocalContainerEntityManagerFactoryBean : Initialized JPA EntityManagerFactory for persistence unit 'default'
2024-12-17T18:20:50.989+05:00  INFO 15896 --- [main] o.s.d.j.r.query.QueryEnhancerFactory     : Hibernate is in classpath; If applicable, HQL parser will be used.
2024-12-17T18:20:51.431+05:00  INFO 15896 --- [main] eAuthenticationProviderManagerConfigurer : Global AuthenticationManager configured with AuthenticationProvider bean with name authenticationProvider
2024-12-17T18:20:51.431+05:00  WARN 15896 --- [main] r$InitializeUserDetailsManagerConfigurer : Global AuthenticationManager configured with an AuthenticationProvider bean. UserDetailsService beans will not be used for username/password login. Consider removing the AuthenticationProvider bean. Alternatively, consider using the UserDetailsService in a manually instantiated DaoAuthenticationProvider.
2024-12-17T18:20:51.482+05:00  WARN 15896 --- [main] JpaBaseConfiguration$JpaWebConfiguration : spring.jpa.open-in-view is enabled by default. Therefore, database queries may be performed during view rendering. Explicitly configure spring.jpa.open-in-view to disable this warning
2024-12-17T18:20:51.802+05:00  INFO 15896 --- [main] o.s.b.w.embedded.tomcat.TomcatWebServer  : Tomcat started on port 4280 (http) with context path '/'
2024-12-17T18:20:51.806+05:00  INFO 15896 --- [main] com.lockbeck.AuditApplication            : Started AuditApplication in 2.968 seconds (process running for 3.225)
2024-12-17T18:21:33.009+05:00  INFO 15896 --- [http-nio-4280-exec-1] o.a.c.c.C.[Tomcat].[localhost].[/]       : Initializing Spring DispatcherServlet 'dispatcherServlet'
2024-12-17T18:21:33.009+05:00  INFO 15896 --- [http-nio-4280-exec-1] o.s.web.servlet.DispatcherServlet        : Initializing Servlet 'dispatcherServlet'
2024-12-17T18:21:33.010+05:00  INFO 15896 --- [http-nio-4280-exec-1] o.s.web.servlet.DispatcherServlet        : Completed initialization in 1 ms
2024-12-17T18:21:54.149+05:00  INFO 15896 --- [http-nio-4280-exec-5] c.l.auth.AuthenticationController        : Login method called with username: admin
2024-12-17T18:23:58.923+05:00  INFO 15896 --- [SpringApplicationShutdownHook] j.LocalContainerEntityManagerFactoryBean : Closing JPA EntityManagerFactory for persistence unit 'default'
2024-12-17T18:23:58.924+05:00  INFO 15896 --- [SpringApplicationShutdownHook] com.zaxxer.hikari.HikariDataSource       : HikariPool-1 - Shutdown initiated...
2024-12-17T18:23:58.926+05:00  INFO 15896 --- [SpringApplicationShutdownHook] com.zaxxer.hikari.HikariDataSource       : HikariPool-1 - Shutdown completed.
2024-12-17T18:24:01.875+05:00  INFO 1920 --- [main] com.lockbeck.AuditApplication            : Starting AuditApplication using Java 21.0.4 with PID 1920 (C:\Users\l.turdaliyev\Desktop\audit\target\classes started by l.turdaliyev in C:\Users\l.turdaliyev\Desktop\audit)
2024-12-17T18:24:01.877+05:00  INFO 1920 --- [main] com.lockbeck.AuditApplication            : No active profile set, falling back to 1 default profile: "default"
2024-12-17T18:24:02.239+05:00  INFO 1920 --- [main] .s.d.r.c.RepositoryConfigurationDelegate : Bootstrapping Spring Data JPA repositories in DEFAULT mode.
2024-12-17T18:24:02.279+05:00  INFO 1920 --- [main] .s.d.r.c.RepositoryConfigurationDelegate : Finished Spring Data repository scanning in 36 ms. Found 16 JPA repository interfaces.
2024-12-17T18:24:02.549+05:00  INFO 1920 --- [main] o.s.b.w.embedded.tomcat.TomcatWebServer  : Tomcat initialized with port 4280 (http)
2024-12-17T18:24:02.554+05:00  INFO 1920 --- [main] o.apache.catalina.core.StandardService   : Starting service [Tomcat]
2024-12-17T18:24:02.555+05:00  INFO 1920 --- [main] o.apache.catalina.core.StandardEngine    : Starting Servlet engine: [Apache Tomcat/10.1.26]
2024-12-17T18:24:02.581+05:00  INFO 1920 --- [main] o.a.c.c.C.[Tomcat].[localhost].[/]       : Initializing Spring embedded WebApplicationContext
2024-12-17T18:24:02.582+05:00  INFO 1920 --- [main] w.s.c.ServletWebServerApplicationContext : Root WebApplicationContext: initialization completed in 684 ms
2024-12-17T18:24:02.647+05:00  INFO 1920 --- [main] o.hibernate.jpa.internal.util.LogHelper  : HHH000204: Processing PersistenceUnitInfo [name: default]
2024-12-17T18:24:02.689+05:00  INFO 1920 --- [main] org.hibernate.Version                    : HHH000412: Hibernate ORM core version 6.5.2.Final
2024-12-17T18:24:02.704+05:00  INFO 1920 --- [main] o.h.c.internal.RegionFactoryInitiator    : HHH000026: Second-level cache disabled
2024-12-17T18:24:02.833+05:00  INFO 1920 --- [main] o.s.o.j.p.SpringPersistenceUnitInfo      : No LoadTimeWeaver setup: ignoring JPA class transformer
2024-12-17T18:24:02.845+05:00  INFO 1920 --- [main] com.zaxxer.hikari.HikariDataSource       : HikariPool-1 - Starting...
2024-12-17T18:24:02.920+05:00  INFO 1920 --- [main] com.zaxxer.hikari.pool.HikariPool        : HikariPool-1 - Added connection org.postgresql.jdbc.PgConnection@eb91027
2024-12-17T18:24:02.921+05:00  INFO 1920 --- [main] com.zaxxer.hikari.HikariDataSource       : HikariPool-1 - Start completed.
2024-12-17T18:24:02.937+05:00  WARN 1920 --- [main] org.hibernate.orm.deprecation            : HHH90000025: PostgreSQLDialect does not need to be specified explicitly using 'hibernate.dialect' (remove the property setting and it will be selected by default)
2024-12-17T18:24:03.083+05:00  WARN 1920 --- [main] org.hibernate.id.UUIDHexGenerator        : HHH000409: Using org.hibernate.id.UUIDHexGenerator which does not generate IETF RFC 4122 compliant UUID values; consider using org.hibernate.id.UUIDGenerator instead
2024-12-17T18:24:03.528+05:00  INFO 1920 --- [main] o.h.e.t.j.p.i.JtaPlatformInitiator       : HHH000489: No JTA platform available (set 'hibernate.transaction.jta.platform' to enable JTA platform integration)
2024-12-17T18:24:03.674+05:00  INFO 1920 --- [main] j.LocalContainerEntityManagerFactoryBean : Initialized JPA EntityManagerFactory for persistence unit 'default'
2024-12-17T18:24:03.805+05:00  INFO 1920 --- [main] o.s.d.j.r.query.QueryEnhancerFactory     : Hibernate is in classpath; If applicable, HQL parser will be used.
2024-12-17T18:24:04.240+05:00  INFO 1920 --- [main] eAuthenticationProviderManagerConfigurer : Global AuthenticationManager configured with AuthenticationProvider bean with name authenticationProvider
2024-12-17T18:24:04.240+05:00  WARN 1920 --- [main] r$InitializeUserDetailsManagerConfigurer : Global AuthenticationManager configured with an AuthenticationProvider bean. UserDetailsService beans will not be used for username/password login. Consider removing the AuthenticationProvider bean. Alternatively, consider using the UserDetailsService in a manually instantiated DaoAuthenticationProvider.
2024-12-17T18:24:04.286+05:00  WARN 1920 --- [main] JpaBaseConfiguration$JpaWebConfiguration : spring.jpa.open-in-view is enabled by default. Therefore, database queries may be performed during view rendering. Explicitly configure spring.jpa.open-in-view to disable this warning
2024-12-17T18:24:04.590+05:00  INFO 1920 --- [main] o.s.b.w.embedded.tomcat.TomcatWebServer  : Tomcat started on port 4280 (http) with context path '/'
2024-12-17T18:24:04.593+05:00  INFO 1920 --- [main] com.lockbeck.AuditApplication            : Started AuditApplication in 2.906 seconds (process running for 3.162)
2024-12-17T18:24:12.996+05:00  INFO 1920 --- [http-nio-4280-exec-2] o.a.c.c.C.[Tomcat].[localhost].[/]       : Initializing Spring DispatcherServlet 'dispatcherServlet'
2024-12-17T18:24:12.996+05:00  INFO 1920 --- [http-nio-4280-exec-2] o.s.web.servlet.DispatcherServlet        : Initializing Servlet 'dispatcherServlet'
2024-12-17T18:24:12.997+05:00  INFO 1920 --- [http-nio-4280-exec-2] o.s.web.servlet.DispatcherServlet        : Completed initialization in 1 ms
